node.exe : FAIL 
tests/integration_update_flow.test.js
En C:\Program Files\nodejs\npx.ps1: 29 
Carácter: 3
+   & $NODE_EXE $NPX_CLI_JS $args
+   ~~~~~~~~~~~~~~~~~~~~~~~~~~~~~
    + CategoryInfo          : NotSpecified: ( 
   FAIL tests/inte...te_flow.test.js:String)  
   [], RemoteException
    + FullyQualifiedErrorId : NativeCommandEr 
   ror
 
  Integration: Update Flow
    ÔêÜ should initialize GameUpdater with 
correct root (90 ms)
    ├ù should download updates successfully 
(36 ms)

  ÔùÅ Integration: Update Flow ÔÇ║ should 
download updates successfully

    expect(received).toBe(expected) // 
Object.is equality

    Expected: true
    Received: false

    [0m [90m 126 |[39m         [90m// 
Verify client-manifest.json[39m
     [90m 127 |[39m         [36mconst[39m 
clientManifestPath [33m=[39m 
path[33m.[39mjoin(testDir[33m,[39m 
[32m'client-manifest.json'[39m)[33m;[39m
    [31m[1m>[22m[39m[90m 128 |[39m      
   expect([36mawait[39m fs[33m.[39mpathExi
sts(clientManifestPath))[33m.[39mtoBe([36mt
rue[39m)[33m;[39m
     [90m     |[39m                         
                                
[31m[1m^[22m[39m
     [90m 129 |[39m     })[33m;[39m
     [90m 130 |[39m })[33m;[39m
     [90m 131 |[39m[0m

      at Object.toBe 
(tests/integration_update_flow.test.js:128:57)

Test Suites: 1 failed, 1 total
Tests:       1 failed, 1 passed, 2 total
Snapshots:   0 total
Time:        0.508 s, estimated 1 s
Ran all test suites matching 
tests/integration_update_flow.test.js.
